%!Adobe-FontList 1.16
%Locale:0x419

%BeginFont
Handler:DirectoryHandler
FontType:Invalid
OutlineFileName:C:\Users\ann_p\OneDrive\наработки\beatcode\Font\fontawesome-webfont.eot
FileModTime:1441113034
%EndFont

%BeginFont
Handler:DirectoryHandler
FontType:Invalid
OutlineFileName:C:\Users\ann_p\OneDrive\наработки\beatcode\Font\fontawesome-webfont.svg
FileModTime:1441113034
%EndFont

%BeginFont
Handler:DirectoryHandler
FontType:TrueType
FontName:FontAwesome
FamilyName:FontAwesome
StyleName:Regular
FullName:FontAwesome Regular
MenuName:FontAwesome
StyleBits:0
WritingScript:Roman
OutlineFileName:C:\Users\ann_p\OneDrive\наработки\beatcode\Font\fontawesome-webfont.ttf
DataFormat:sfntData
FileLength:138204
FileModTime:1441113034
WeightClass:400
WidthClass:5
AngleClass:0
NameArray:0,Win,1,FontAwesome
%EndFont

%BeginFont
Handler:DirectoryHandler
FontType:Invalid
OutlineFileName:C:\Users\ann_p\OneDrive\наработки\beatcode\Font\fontawesome-webfont.woff
FileModTime:1441113034
%EndFont

%BeginFont
Handler:DirectoryHandler
FontType:Invalid
OutlineFileName:C:\Users\ann_p\OneDrive\наработки\beatcode\Font\fontawesome-webfont.woff2
FileModTime:1441113034
%EndFont

%BeginFont
Handler:DirectoryHandler
FontType:Type1
FontName:FontAwesome
FamilyName:FontAwesome
StyleName:Regular
FullName:FontAwesome
MenuName:FontAwesome
StyleBits:0
WritingScript:Roman
OutlineFileName:C:\Users\ann_p\OneDrive\наработки\beatcode\Font\FontAwesome.otf
DataFormat:sfntData
UsesStandardEncoding:yes
isCFF:yes
FileLength:106260
FileModTime:1441113034
WeightClass:400
WidthClass:5
AngleClass:0
NameArray:0,Mac,4,FontAwesome
NameArray:0,Win,1,FontAwesome
%EndFont

